// Jest Snapshot v1, https://goo.gl/fbAQLP

exports[`BroadcastFilter matches snapshot 1`] = `
<div>
  <div
    class="mantine-Group-root mantine-o53c20"
  >
    <button
      class="mantine-Button-filled mantine-Button-root mantine-Group-child mantine-2phkfh"
      data-testid="newBroadcastButton"
      type="button"
    >
      <div
        class="mantine-3xbgk5 mantine-Button-inner"
      >
        <span
          class="mantine-Button-icon mantine-Button-leftIcon mantine-1g4orza"
        >
          <svg
            class="icon icon-tabler icon-tabler-plus"
            fill="none"
            height="14"
            stroke="currentColor"
            stroke-linecap="round"
            stroke-linejoin="round"
            stroke-width="2"
            viewBox="0 0 24 24"
            width="14"
            xmlns="http://www.w3.org/2000/svg"
          >
            <path
              d="M0 0h24v24H0z"
              fill="none"
              stroke="none"
            />
            <line
              x1="12"
              x2="12"
              y1="5"
              y2="19"
            />
            <line
              x1="5"
              x2="19"
              y1="12"
              y2="12"
            />
          </svg>
        </span>
        <span
          class="mantine-qo1k2 mantine-Button-label"
        >
          New
        </span>
      </div>
    </button>
    <div
      class="mantine-Group-root mantine-Group-child mantine-zah578"
    >
      <div
        class="mantine-Text-root mantine-Group-child mantine-1eas2m5"
      >
        Sort by:
      </div>
      <div
        class="mantine-Select-root mantine-Group-child mantine-1k2zk11"
      >
        <div
          aria-controls="mantine-xfwph5ngo"
          aria-expanded="false"
          aria-haspopup="listbox"
          role="combobox"
          tabindex="-1"
        >
          <input
            type="hidden"
            value="latest"
          />
          <div
            class="mantine-Select-wrapper mantine-12sbrde"
          >
            <input
              aria-autocomplete="list"
              aria-invalid="false"
              autocomplete="nope"
              class="mantine-Select-unstyledVariant mantine-Select-input mantine-bxo24b"
              data-mantine-stop-propagation="false"
              data-testid="sortBy"
              id="mantine-xfwph5ngo"
              readonly=""
              type="text"
              value="Latest First"
            />
            <div
              class="mantine-bl0c8b mantine-Select-rightSection"
            >
              <svg
                data-chevron="true"
                fill="none"
                height="14"
                style="color: rgb(134, 142, 150);"
                viewBox="0 0 15 15"
                width="14"
                xmlns="http://www.w3.org/2000/svg"
              >
                <path
                  clip-rule="evenodd"
                  d="M4.93179 5.43179C4.75605 5.60753 4.75605 5.89245 4.93179 6.06819C5.10753 6.24392 5.39245 6.24392 5.56819 6.06819L7.49999 4.13638L9.43179 6.06819C9.60753 6.24392 9.89245 6.24392 10.0682 6.06819C10.2439 5.89245 10.2439 5.60753 10.0682 5.43179L7.81819 3.18179C7.73379 3.0974 7.61933 3.04999 7.49999 3.04999C7.38064 3.04999 7.26618 3.0974 7.18179 3.18179L4.93179 5.43179ZM10.0682 9.56819C10.2439 9.39245 10.2439 9.10753 10.0682 8.93179C9.89245 8.75606 9.60753 8.75606 9.43179 8.93179L7.49999 10.8636L5.56819 8.93179C5.39245 8.75606 5.10753 8.75606 4.93179 8.93179C4.75605 9.10753 4.75605 9.39245 4.93179 9.56819L7.18179 11.8182C7.35753 11.9939 7.64245 11.9939 7.81819 11.8182L10.0682 9.56819Z"
                  fill="currentColor"
                  fill-rule="evenodd"
                />
              </svg>
            </div>
          </div>
        </div>
      </div>
    </div>
    <div
      class="mantine-Group-root mantine-Group-child mantine-zah578"
    >
      <div
        class="mantine-Text-root mantine-Group-child mantine-1eas2m5"
      >
        Filter by:
      </div>
      <div
        class="mantine-Select-root mantine-Group-child mantine-1k2zk11"
      >
        <div
          aria-controls="mantine-cr0ru0ol9"
          aria-expanded="false"
          aria-haspopup="listbox"
          role="combobox"
          tabindex="-1"
        >
          <input
            type="hidden"
            value="all"
          />
          <div
            class="mantine-Select-wrapper mantine-12sbrde"
          >
            <input
              aria-autocomplete="list"
              aria-invalid="false"
              autocomplete="nope"
              class="mantine-Select-unstyledVariant mantine-Select-input mantine-bxo24b"
              data-mantine-stop-propagation="false"
              data-testid="filterBy"
              id="mantine-cr0ru0ol9"
              readonly=""
              type="text"
              value="All"
            />
            <div
              class="mantine-bl0c8b mantine-Select-rightSection"
            >
              <svg
                data-chevron="true"
                fill="none"
                height="14"
                style="color: rgb(134, 142, 150);"
                viewBox="0 0 15 15"
                width="14"
                xmlns="http://www.w3.org/2000/svg"
              >
                <path
                  clip-rule="evenodd"
                  d="M4.93179 5.43179C4.75605 5.60753 4.75605 5.89245 4.93179 6.06819C5.10753 6.24392 5.39245 6.24392 5.56819 6.06819L7.49999 4.13638L9.43179 6.06819C9.60753 6.24392 9.89245 6.24392 10.0682 6.06819C10.2439 5.89245 10.2439 5.60753 10.0682 5.43179L7.81819 3.18179C7.73379 3.0974 7.61933 3.04999 7.49999 3.04999C7.38064 3.04999 7.26618 3.0974 7.18179 3.18179L4.93179 5.43179ZM10.0682 9.56819C10.2439 9.39245 10.2439 9.10753 10.0682 8.93179C9.89245 8.75606 9.60753 8.75606 9.43179 8.93179L7.49999 10.8636L5.56819 8.93179C5.39245 8.75606 5.10753 8.75606 4.93179 8.93179C4.75605 9.10753 4.75605 9.39245 4.93179 9.56819L7.18179 11.8182C7.35753 11.9939 7.64245 11.9939 7.81819 11.8182L10.0682 9.56819Z"
                  fill="currentColor"
                  fill-rule="evenodd"
                />
              </svg>
            </div>
          </div>
        </div>
      </div>
    </div>
    <div
      class="mantine-Group-root mantine-Group-child mantine-zah578"
    >
      <button
        class="mantine-ActionIcon-hover mantine-ActionIcon-root mantine-Group-child mantine-1r9bacs"
        type="button"
      >
        <svg
          class="icon icon-tabler icon-tabler-refresh"
          fill="none"
          height="14"
          stroke="currentColor"
          stroke-linecap="round"
          stroke-linejoin="round"
          stroke-width="2"
          viewBox="0 0 24 24"
          width="14"
          xmlns="http://www.w3.org/2000/svg"
        >
          <path
            d="M0 0h24v24H0z"
            fill="none"
            stroke="none"
          />
          <path
            d="M20 11a8.1 8.1 0 0 0 -15.5 -2m-.5 -4v4h4"
          />
          <path
            d="M4 13a8.1 8.1 0 0 0 15.5 2m.5 4v-4h-4"
          />
        </svg>
      </button>
    </div>
  </div>
</div>
`;
