// Jest Snapshot v1, https://goo.gl/fbAQLP

exports[`AcknowledgementToolTip matches snapshot 1`] = `
<div>
  <div
    class="mantine-Popover-root mantine-gc2cx1"
  >
    <div
      class="mantine-1imxcuq mantine-Popover-target"
    >
      <div
        class="mantine-Badge-filled mantine-Badge-root mantine-12ynvk6"
      >
        <span
          class="mantine-h9iq4m mantine-Badge-inner"
        >
          some id
        </span>
      </div>
    </div>
  </div>
</div>
`;
